==============================================================================
  A股九层全维度分析引擎
  启动时间: 2026-07-09 13:56:34（当前为盘中（下午）时段，行情数据实时跳动）
  分析标的: 000100
  并行模式: ON(3线程)  |  GD上传: SKIP
  输出目录: D:\GitHub\test\reports
==============================================================================
▶ 开始分析 000100 ...
  ✓ layer2 完成
  ✓ layer1 完成
  ✓ layer4 完成
  ✓ layer3 完成
  ✓ layer5 完成
  ✓ layer7 完成
  ✓ layer6 完成
  ✓ layer_ind 完成
  ✓ layer_risk 完成
  完成分析，耗时 5641.0秒
✅ 报告已生成: D:\GitHub\test\reports\000100_ful_20260709_1356.txt
==============================================================================
全部完成！共分析 1 只股票，总耗时 5641.0 秒
  → D:\GitHub\test\reports\000100_ful_20260709_1356.txt

============================================================
  批量执行完成 — 共处理 1 只股票
============================================================
  ✅ 数据成功: 1  |  ❌ 数据失败: 0  |  ⚠️ GD上传失败: 0
  📄 JSON快照已保存: D:\GitHub\test\snapshots\snapshot_20260709_ful.json
