
===== 000568 zxzb =====
text_len= 12912 stage_ctx_lines= 41
  | 000568泸州老窖	最新价: 73.63	涨跌: -1.18	涨跌幅: -1.58%	振幅: 1.60%	成交量: 76341	成交额: 5.632亿
  | 操盘必读
  | 股东研究
  | 经营分析
  | 核心题材
  | 资讯公告
  | 公司大事
  | 公司概况
  | 同行比较
  | 盈利预测
  | 研究报告
  | 财务分析
  | 分红融资
  | 股本结构
  | 公司高管
  | 资本运作
  | 关联个股
  | 资金流向
  | 龙虎榜单
  | 机构评级
  | 智能点评
  | 最新指标	|	大事提醒	|	资讯公告	|	核心题材	|	机构预测	|	研报摘要	|	估值分析	|	主要指标	|	股东分析	|	龙虎榜单	|	大宗交易	|	融资融券
  | 
  | NEW2026中报已披露，一图看懂最新财报数据，点击查看>>
  | 
  | 最新指标(根据今日总股本计算所得，综合考虑分红送转、增发、新股上市等情况，可能会与最新报告期不一致)
  | 更多>>
  | 指标名称	最新数据	指标名称	最新数据	指标名称	最新数据
  | 基本每股收益(元)*	2.9481	每股净资产(元)*	31.0706	每股经营现金流(元)	1.4142
  | 扣非每股收益(元)	2.9100	每股公积金(元)	3.6964	市盈率动(倍) 
  | 	12.49
  | 稀释每股收益(元)	2.9500	每股未分配利润(元)	25.3279	市盈率TTM(倍) 
  | 	14.44
  | 总股本(万股)	147,190.15	流通股本(万股)	147,106.01	市盈率静(倍) 
  | 	10.01
  | 总市值(元)	1084亿	流通市值(元)	1083亿	市净率(倍)*	2.76
  | 数据来源:2026半年报，部分数据来自最新业绩快报;其中每股收益字段均以最新总股本计算得出，精确到小数点后四位，其余指标若发生股本变动等情况则将重新计算
  | 指标名称	最新数据	上年同期	指标名称	最新数据	上年同期	指标名称	最新数据	上年同期
  | 加权净资产收益率(%)	8.62	15.42	毛利率(%)	85.35	87.09	资产负债率(%)	28.67	33.49
  | 营业总收入(元)	104.7亿	164.5亿	营业总收入滚动环比增长(%)	-19.07	-1.96	营业总收入同比增长(%)	-36.35	-2.67

DONE
