==================================================================
【对撞四铁律 · 运行时生效规则】每次对撞自动查询
==================================================================
1. 精度对齐 : |a−b| ≤ max(ulp_a, ulp_b)（舍入感知）；整数/枚举降级为严格 1e-9
2. 命中率分层: 每采样日 ≥18/20 且可解释 → L1 定案；8~17 → L4 候选（存疑）
3. 比值族   : CV≤0.0001 且比值∈(10, 100, 1000, 10000) → L1-U 单位换算定案
4. 多日复核 : ≥3 个独立采集日重复方可定案；单日快照不够
5. 相关性   : 仅 Pearson+Spearman 同号且 |Spearman|≥0.6 且留一法不翻号 → 候选，绝不定案
------------------------------------------------------------------
定案状态机 L1~L4:
  L1 定案（最高置信）: 多源对撞实锤，四铁律全满足
  L2 官方/强锚定: fuyao 官方三表锚 / TDX 官方命名语义终止器
  L3 方向确证·覆盖不完整: H12 实测方向对、样本不全
  L4 候选存疑: 命中率 8~17，仅候选
------------------------------------------------------------------
不对撞（跳过）规则:
  ✗ 已 L1 定案字段：移出 FOCUS，不再主攻；仅进全历史复核的回归保护池
  ✗ 标识符字段（market/code/date/name/tx[1..3]）：排除出数值对撞目标，防 false L1
  ✗ 常量占位字段（f106 恒100 / f123..f134 恒0）：无信息量，登记为占位而非未知语义
  ✗ 20 股 ZHB 锚巧合陷阱：任何新映射若与已确立映射矛盾，判为巧合而非发现，须打印原数据人工核实
  ✗ 相关性（Pearson/Spearman）只生成候选，绝不定案
  ✗ 单日 20 股快照不足以定案，须 ≥3 个独立采集日重复
==================================================================
⚠ L1 为当前最强结论，遇矛盾新证据可降级/重议；日常不再无故复撞。
==================================================================
[collide] 加载 7 个日期、1228 个字段、278623 条样本值
[collide] 主攻目标(left)=583，锚+未知(right)=865
[collide] L1 候选=702，L4 候选=750，新增定案=5，护栏拦截=10
[collide] 报告: C:\Tencent\WorkBuddy\a-stock-data\docs\field_verification\20260923\20260923_collision_report.md
