▶ 采集开始: 20260923 | 股票 20 只 | 源: ZHB/TDX/腾讯/push2
  ✖ zhb: name 'get_stock_name_from_zhb' is not defined
  ✔ tdx: 5.3s
  ⚠ eltdx: 39.7s | partial | 2/20 处 __error__ | BSE code: snapshot marker not available (skipped)
  ✔ tencent: 3.7s
  ✖ push2: cannot import name '_em_is_banned' from 'stock_common' (C:\Tencent\WorkBuddy\a-stock-data\stock_common\__init__.py)
  ✔ sina: 3.2s
  ✔ axdata: 0.0s
  ✔ market_sources: 8.7s
  ✔ tdx_f10: 0.0s
  ⭐ 中报指标已入库(20 只)——tx65/tx66 L1 终判条件达成
  ✔ fuyao: 57.1s
  ⚠ em_kline_f61: 148.7s | partial | 16/20 处 __error__ | push2his request failed/blocked
  ⚠ em_fund_flow: 168.1s | failed | 20/20 处 __error__ | request failed
  ✔ ulist239: 2.1s
  ✔ push2ex: 4.6s
  ✔ em_hot: 2.8s
  ✔ cls: 0.6s
  ✔ datacenter: 82.7s
  ✔ tdx_f10_more: 0.0s
  ✔ cninfo: 26.3s
  ✔ reports: 29.4s
  ✔ ftshare: 64.9s
  ⊘ baidu: deprecated (registry 已登记, 无 producer)
  ⚠ clist: 45.8s | partial | 3 处 __error__ | request failed (both domains)
  ✔ slist: 25.9s
  ✔ exchange: 1.1s
  ✔ event_dc: 114.8s
  ✔ macro_dc: 4.4s
  ✔ research_sina: 31.5s
  ✔ etf: 10.9s
  ✔ news_wscn_cctv: 1.0s
  ✔ sse_e_interaction: 2.7s
you don't login.
  ⚠ st_list: 16.2s | partial | 1 处 __error__ | ST名单(沪深)主源与 baostock 兜底均不可用
✔ 完成: C:\Tencent\WorkBuddy\a-stock-data\docs\field_verification\20260923 | 总耗时 902.5s | ZHB=
⚠ 本次存在异常源 7/32: zhb, eltdx, push2, em_kline_f61, em_fund_flow, clist, st_list
